// Jest Snapshot v1, https://goo.gl/fbAQLP

exports[`TxAfrz should match snapshot 1`] = `
<div
  className="box"
  style="overflow-wrap: break-word;"
>
  <p
    className="has-text-centered has-text-weight-bold"
  >
    Asset 
    Freeze
  </p>
  <p>
    <b>
      TxID:
    </b>
     
    <span>
      VH4LN4PICQPJNAZE6KVCNOYLE3K5XWWZH2OM3HWCSF2TOQU4MGNA
    </span>
  </p>
  <p>
    <b>
      Origin:
    </b>
     
    <span>
      WLH5LELVSEVQL45LBRQYCLJAX6KQPGWUY5WHJXVRV2NPYZUBQAFPH22Q7A
    </span>
  </p>
  <p>
    <b>
      Freeze address:
    </b>
     
    <span>
      ZYQX7BZ6LGTD7UCS7J5RVEAKHUJPK3FNJFZV2GPUYS2TFIADVFHDBKTN7I
    </span>
  </p>
  <p>
    <b>
      Asset:
    </b>
     
    <span>
      185
    </span>
  </p>
  <p>
    <b>
      Action:
    </b>
     
    <span>
      Freeze
    </span>
  </p>
  <p>
    <b>
      Block:
    </b>
     
    <span>
      3276956
    </span>
  </p>
  <div
    className="has-text-centered"
  >
    <a
      href="https://goalseeker.purestake.io/algorand/testnet/transaction/VH4LN4PICQPJNAZE6KVCNOYLE3K5XWWZH2OM3HWCSF2TOQU4MGNA"
      rel="noopener noreferrer"
      target="_blank"
    >
      See details in GoalSeeker
    </a>
  </div>
</div>
`;
