// Jest Snapshot v1, https://goo.gl/fbAQLP

exports[`AccountDetails should match snapshot 1`] = `
<div
  className="box"
  style="overflow-wrap: break-word;"
>
  <strong>
    Address
  </strong>
  <p
    id="accountAddress"
  >
    PBZHOKKNBUCCDJB7KB2KLHUMWCGAMBXZKGBFGGBHYNNXFIBOYI7ONYBWK4
  </p>
  <div
    id="qrCode"
    style="text-align: center;"
  >
    <img
      height="250"
      id="accountQR"
      src="data:image/gif;base64,R0lGODdhTAFMAYAAAAAAAP///ywAAAAATAFMAQAC/4yPqcvtD6OctNqLs968MwCG4kiW5ommoqOaHtfGISaPb1Tn+m7s/o9i8W4ZoOviIz6MTGOvCdUJpUpkFEQbVhfXbuvpDZemua3Fm6WaE+K2LeCOA8i1NQVtVdvB8jC/30UnsyeBd6ZFCCj2pwglGEOIE5hXFgnXOIk5+YFoybVZkWSpecVI+vP45dlgGNppd+p4GevE+rp60Hp3a0bLZDqD+3kk3CHKSeyavKunEFTMdgKMBY3wXK1xPDxGSZJWicyNPct9jW0+ftgcvTyB7s47PZf+/F5sn14YT+7d/aYOblu/cfWk0TOYD2AdW+30NZS0zhrCcwbx4bKYMJUKjf/zFP5TFtDZxGoFH14cmRFiSHbiQA50OYhhS5IVUd6zmZIjRowcvy0M95LmEZ6jcOYEGhPpCn9LPUKSGRRayZlSjR4VGTGX1Z5MVSkNRrCmSX5NuH6l5pSUJ6JnU5gVWBbqm52gsFKVOFanorVb5T5tqzervMF+awEujBbmKb55Ebt1HHgl3nJWdbGMOhmzSlqM725OCrdpaMOjqdEtBTl1Wk2dNUPQZtc12V+pT0d5G/sjM1+tdcMTPBtsaVS1K9e97Dtz8s+LizZua1u2ZeVLo8c9jF2xWueeX++zTvsweNK5RZcXvpszd9mRpRtHLf79bdXDfcbqbf63ZK1jp/P/p9zfcdShh9xf9V3FHIEDbkTfeYk5SFx8AcJ3IHTysYcgYRZO2F1wDxZIHoimXXhdhcON92GGELa3nIYmQgibiPOgGOGLMtKo4hIkGrhigzd+J1aH/rkI444K5vife8Dh6FiMC85oJBC4/cghhhnSyGR2RS4ZpJLzaUmlkH1dGeVjYD7JIo8yEhnmTzY+mSWSPW4oZpUtelhjj1gCaaeaaMr5ZpKgzRmoPE4KWl2Zh7IJZ5mAFopnnIRuuR9he3LZZxtTwjCmdiki6hWkQ+LJKKhS+tgohZMa02l6dy5KapN8Aljnl6LuheoGbHna0YmOyooprV7KcqapfuSaTav6/w076JrAVhrrpdBKSyyk9uXHaaYMFmvorP1Q2+yfdFa7arYdXntkt9r2Sqmbeirq7au4cluEsg7V6q6z44ZrbKnqTguvqvq+sKur2BoraZv8WhowwOuOWvCyd6L76b/MHmzxwtE2nK+4vgrssQcR33txqOUiHG+izyVib79dVRzrvuGxvG4+U1lJ87nI6ljzs+TC8mtYQ7W8xcgur8buwO2WuEfCNw29ctNEx8zrpiiD3EvQFEGtcyRG+8szvvICgl+6VAsl7MTrqU2v1WA3UjbMX1dxM9s543yydz3LHOIaTgtTN8arzE241kvPLPXeW6cteNxJk2x33mcrjDjQiv+j/e3UShQetdKep2pr4mI3vrbKvsD699uGf370rQ+f/hjsebKu+uW0Tx7y7eDKbjrvGqeOe+uSA0+875UY7/DoZhdve+7OC0+58Rkj73bwtSsv9+rPX488g93/rj3021tPPvPYfz8X+tu6fn715pec/evqTy/9zu+P3b794dPvO/+8u7+/8gXwfoJTn/cMSMDlDXCBzRPf1dD3qBskcH2HU2DnxhfBDCZkgmb6WP6QpsEQIoiDu7Ng16wlwhSepIH+S5MJ8XY7FcqwdC/EX8ceCL/HJQhmM+yh5T7owRwCr3o+LCLdGJi8G4KNiEZsosiQqMRIBZCJTqxivVgoRfn/AdFgZrOiF1+mQ+6BL1gwxOAX+XYqEO5sc/ugWBg3ODWIdSkObqQiwdoIxhxxLnTOglse10gEWNVRRXv82Z/8qMa2BRKPiRxhHAXkMkRWDZASZOQkyXRBHI6RcZr6oyIrCZxBYvKEFaRgH+d1SRSCElqidGQm/cckSXIxfqRkVSg96cpagi6KgetkIyXHxlv+8iiFZNopyYZLYC5SmKm8SjErd0iOacyNc7NZykxmSz6asZWl7OATmenMa5rSXIZ0IDltaMxz+glQqLPkLGe3zWRGb5y6cicxxenNbJZziVc8nyDBWM2DkHGaAMVn0aS5zmSB854DTWg/90k+hfrT/56Qc6ge8RlQNOYznsPcJUGRltHF8ZKiO4SnOeupxShSU3MCTeJHedXOV5bUhfSUqEoJiVGWanSIR0xpOk/qOJq+kZvzNKkYoak7VCrTawjtojw9itSj9i2pyPzk3dBp0adqMqoCxNr4ZBlDGtLyph3d6lSlmkb9VVWVVy0gSfU2Ua92VZtU7YMdRSdEnbJPDgCUK1qPZVW8YhWb6qyhG/pK168qNaxM9SnpygpLg/qMoCVM61LbaljCojSuiZ0rRP8qR5kGk7NlnOlkuVrZjf6wtPwEKeyEutKGZramER3cI0V72u1oNLYudatseWhbmYa0m2CFqlN3CsVNsjZrwv/VK3EXa1zgIheLMdXlaiPHWJi+NrfSDaJyB0vb4d6xubidrl25O1T0knCKwbVua7V7OtgW9LdvrO5yD0pe94bte/J1LX37y9bG6le80cUEgN9pX/Cq9r0CXi6Bzcoa9PJ2pI6dbXqDKmG16teaa33nXet634cqmIMpLK5pAwti7H6TtAr+cE5MDNccEpWj42Wxb7cYQRjvt8VaZXCN80pd51alwxK7sYPZO1og45jGL4buiQOc4scu08YWdnFKdIzYI2MRv1QeK49DiGUNa3nJ1zXyd80s5XASuaJV7nFtkzzi5KaZoeeF7Jv3mr7/ijnOevbvhtWb0wp7uXdnbjP/vUI74Lfu+LAZ3m1x+oxnNJ/1zt2EM6MdjekDJVjSg7bwpo/r3TmzeRGNDnWbP93pVNcXkj4usKV9aWpVx1Kyh25qeG/Lyvl2FtUL3hikh2frXj9TszalY6kr/ejeGjrSkx42bSf80xYe+5jKVnWWo03por6a1JlGtoSqveogy9XZvYY2agOdP3KTeM+cvjCzuwtsv07bw7qWMbuXfdl4J1rQ5Z53kUHt7XeHm8ytPim5hapuliZc3AT3rIoNjmslkzXW7kaxq+9tbYxXPMoA57hl//3sRXf84rVmuL3tfHBA53fiFofwwE8ucCv/dcYuX/ifbQ5zfec8uzp/OGgV//1PmWex4etu+czdPKoDNxPkwpYzvnnu8Y0rVt7dxqyshcxkl9O84FwXef8oqfEHdz3oMXezuXUL5Z5n1c5KH/XLfZ5tt8tO6D8vb9q1jvSIwx3hTu563f9s9KGPeedu3/b/wF7yXLPd3zH+8tIL+/XA/z3EgSe72kcO1HrfB/ECF3vc8Y5yvYu6pHPn/OVDvviqF970mfezeiTv8LU/nvSif/rqV8nfZH9W5YC/e7GbU3mgY72oOH8pvRu8+eAvNOtyFz7VZ8/l1/te8HD3fGRXju2t95Q3rJd26jUv++faPd/6TP70LQ91BDu/s9o3vI6LP3q/e92o80f/7a1u4P/uUz/+n2/+8ms+fPLnesamfIo3fY3HVXw3fum3WdJHfiQHfQ2YfbxHeQcIfrD2gKAXgStkgMd3fop2bQnIePtne2VGbCLWbmcHb0yngPsGbjzlfgEYe5jnfT/GZx2obSNoffUngzBIcYbXgoNXaLe2gOpXhBCHfeHHghRYfehGeCaIehEIfzQ4f0HYhPTlg7hnfEtYgCzHhRQ3hVe3ZdvnhfeXgTW4YhK3hRAYcGcogUpohgyIhuXXbvangW0oh294gtoXhlL3ZOLnghQGbtGHbbymgn54dGc0dQ2HgM1Ga/AViI6niDOYcYeYWkJnh4k4iZT4dvx3fV3WiVSYiZz/uIlIyIg8iIVI9oN5d4RyUnQXSISDCIuISIqlWIuwh2iCKIRwaIoVmEGvOIAOZYizyIcyeFEmt3ckGIu6eIU4uIi+mGNOt4KAqIYpSIys2Hu/KI3pxWt9GIKiGGyjKI7GiIInOI6/loepdY7O2Hpi1XT/N4fP2IzVOGlt94ciNYT9pnq9OI83uHv72IjTCIXvyI7xyI/8p47rV4btiHzCqJD5iInh+JC8KIBTxowUqYyhWIlS2HeoGImeSIb56I0aV4xrRntJSIWE6JDwmJHfKJCTN4EAWYVwlIoouYyS+IXUuIZ3mJO2KJNWKIKJt5C/t4f6t4MxaJP5F3oseYjt/6d/HDiUGZl0YUeOP2mUVWmRO/mJ/9h5WImHcQiWdBaVpbeUBVmOUeiGR5mVGEmWHMmU1/h9bgiVWimVrDaTVqmFbFl7Lwk4E4l2HviVzGWWKXeMg7ldZRmVTWl2T9leY3mYbmmWihmXYZWL/ViHEmmSAUmLkrmBZ0l/hLmK5sVXi5mXRQl7QFmCmmmPW0mAnVmaaJmHmjmMiCmSjwmYAwmar/mZe6mRBJl7kwl5+miBqLmRt8mGxNeRdAeXrjmLWRh1CZmZd4l/uWmD55aUq1mX0amcwQiOrQiAYyiUtRlfpFmdpjmcTGiNtLmSEESeaUiXagmc93icBTaSuhmRCP+EW553iejZnZFJks1pm8xpnDxJn7ypn6qok8DXnj05n9/5keY5oGOHn/nZg8FGnLQ4ii6JoRN6cxXKbxfKme6ZnpD4mwsalgbJmggJgv/JnZFnovJJoA66ixDKoAyJnOPplOppjnaJnSX5oBNKlHypodD5o8IZof2Xndx3oQf6fII1onK5nIEpf2HWokY6kBrqOPuJi8kJoN7po0+okjuKjkbIfl2ajXSYmkgaojm4pdppptAYnFjqjlpqgVRKonQJhCw6nRbKmHZKpom5lmkKn2wamnXKpVU6qCd6i3v6oX16qHeKkXkaniBZpdgZUH7KdBkaqMUZm1FKqMq0Xm//OamC6pU3yp5tSnQ8io1gqqZv2j3KGar+OaqcynyeyaGnKKeimYyz2pvbCakcCqvbqKm8mquMeqtpqppUKaplR6xzeqxPCpn0CJuKCoy4+azIKp2nR39fipO1aokGFKzIGJTR2q02GpzXiq3FmqApqafamqXo2qs+6ZGj2ayjBKgyOaw4haPMmkv3WqhSOkNt6a76Kqv/+qlGJLBRV5j+CrD5aq/mN7APG6k6uKILC7EKS7AMe7AN2kMJK4+UaqxwGqMoGrAB+rHs2pA06n+g6EUee5AoG7K7arAcW7L7GrH9iqcUSwXwupmrapn9yZU3K7S/6qJOmq4f2KQYW6+u/6qgRkurMCqbfvm0moioJiuYrHqfZbq0Q/unr+qOWTujH0et2xik+IlhXfizYgu1iwqlPHu2SFuk68iqzrmuEZayU5utmSq18bq1RHt4d8u3AmqqYRu4XKu38/O1V5mUcluuVCu4fuOhhgmeYPioXbuemeOlLxq116m4p1qeasswmRufm1ukYOu1ujmMibq2azq2i2u1ZZu6paqorLu2fYipK3uRwaC6yYq6vGm61LOpu8k1Ilu2SFm6nVuiIuqIwyuzyiukI6iuh6uknyu8nPS89hm81FmrCGS8uTsiovu4J3m8aAu8vatnRIq1iYuX1Luklcu+/Im3bwuwkkq5Nv+LfyDKmNi7vs7bm9zbmP4IkS0lrT2ro0D6v5c5pn3ZqIDbvm5Kv3VbuEPGsupbv9PLwPAbwU8zwResq017vxjsq/zbo8HbwHVGwRAcwmgqhmfautc6lwgsi0KzwR/cwX9JwxU8t6o6uvMawDLsmMwLw97bvxV7niicv9SbcujbuElKvK1aw/HrrJyrxNBaoN7JpLsmu+JLuDB5uQA8saeJw0v8rlKMmamatLPLtEfrtFYaTfwWqxrrrSB8xPybxGWcw2e8umkMxYBbx24srEQMpU+cwQosudY7xAmcojAbyGFMxYT8w4aMv7zKuB6swU1Muy0MUVMMtBdbyc2rwmz//JyPaMRVi8dher1IrHB2vMRTKcgO+8kc5p+ajLeszMj1eMISDKiyPMiJzJcu+8KK/MmXqsqNzMsbar+dDLJ0nMp+LK623MqA/MoCnLO6PKR7e7tX68nnusyg+Mbv+boHDMzaTKHge6SzWct2+77my8KRlMW8O7Mva8D6i8pWPEfJHM34Osw2HKfZG7mYu87Fq7Pc/M056rd5urt5S7O6fM3urMz0DMThrIcrfMcuTML87NCQLM1BvMrw+sDB3M959s+eaan5jM4ibNEh3UunbNL4zMwWfM/zjNL1DNEAzdICfcwRTcDvDNBu267Sm8nQvL0ICtPJq7R+240fraKTaqvORH2yvdyRrhzUSj3Up8uvlru8BZuWQt3Qnmu4pPvTy5rVUr3VTA3PxmzC86u5bBuz5VvVPl2IQG2uZf3L8dzWuPvWYJ2OWu3RiNu3dm2dWJ3XYr3XXF3UVg26LVnRBZzT8srYjT1DBQAAOw=="
      style="padding: 0.5em;
              margin: 0.5em;
              border: 1px solid #9095AF;
              border-radius: 10px;"
      width="250"
    />
  </div>
  <button
    className="button is-danger is-fullwidth"
    id="deleteAccount"
    onClick={[Function]}
  >
    Delete account!
  </button>
</div>
`;
